../Core/Src/app/imu_app.c:38:6:imu_app_init	16	static
../Core/Src/app/imu_app.c:44:6:imu_app_on_100hz_tick	4	static
../Core/Src/app/imu_app.c:60:6:imu_app_poll	96	static
../Core/Src/app/imu_app.c:122:6:imu_app_stream_set	16	static
../Core/Src/app/imu_app.c:130:6:imu_app_stream_get	4	static
../Core/Src/app/imu_app.c:135:6:imu_app_set_print_div	16	static
../Core/Src/app/imu_app.c:140:10:imu_app_get_print_div	4	static
../Core/Src/app/imu_app.c:145:6:imu_app_stats_reset	8	static
../Core/Src/app/imu_app.c:170:10:imu_app_get_rate_mhz	4	static
../Core/Src/app/imu_app.c:175:6:imu_app_get_stats	48	static,ignoring_inline_asm
